// Jest Snapshot v1, https://goo.gl/fbAQLP

exports[`Prueba en GifItem Debe hacer match con el snapshot 1`] = `
<div>
  <div
    class="card"
  >
    <img
      alt="Titulo del test"
      src="https://www.asdagasfasfasdasdas.com/"
    />
    <p>
      Titulo del test
    </p>
  </div>
</div>
`;
